author.0.true.json: PASS
author.1.true.json: PASS
author.2.true.json: PASS
author.3.false.json: FAIL
ERROR:JSU:{
  "errors": [
    {
      "absoluteKeywordLocation": "urn:uuid:8e7f75b7-06f5-4c07-b941-2ef6620b0304#/properties",
      "error": "Properties ['nom', 'org'] are invalid",
      "instanceLocation": "",
      "keywordLocation": "/properties"
    },
    {
      "absoluteKeywordLocation": "urn:uuid:8e7f75b7-06f5-4c07-b941-2ef6620b0304#/properties/nom/pattern",
      "error": "The text must match the regular expression \".\"",
      "instanceLocation": "/nom",
      "keywordLocation": "/properties/nom/pattern"
    },
    {
      "absoluteKeywordLocation": "urn:uuid:8e7f75b7-06f5-4c07-b941-2ef6620b0304#/properties/org/type",
      "error": "The instance must be of type \"string\"",
      "instanceLocation": "/org",
      "keywordLocation": "/properties/org/type"
    },
    {
      "absoluteKeywordLocation": "urn:uuid:8e7f75b7-06f5-4c07-b941-2ef6620b0304#/additionalProperties",
      "error": [
        "#"
      ],
      "instanceLocation": "",
      "keywordLocation": "/additionalProperties"
    }
  ],
  "valid": false
}
