person.schema.json: SCHEMA ERROR (Unrecognized version False)
